
> g├╝zellik-randevu@0.0.0 build
> next build

Ôû▓ Next.js 16.1.7 (Turbopack)
- Environments: .env
- Experiments (use with caution):
  Ô£ô authInterrupts

node.exe : ÔÜá The "middleware"
 file convention is deprecated.
 Please use "proxy" instead. Le
arn more: https://nextjs.org/do
cs/messages/middleware-to-proxy
At line:1 char:1
+ & "C:\Program Files\nodejs/no
de.exe" "C:\Users\myolal\AppDat
a\Roaming ...
+ ~~~~~~~~~~~~~~~~~~~~~~~~~~~~~
~~~~~~~~~~~~~~~~~~~~~~~~~~~~~~~
~~~~~~~~~
    + CategoryInfo          :  
   NotSpecified: (ÔÜá The "mi  
  ddle...leware-to-proxy:Str   
 ing) [], RemoteException
    + FullyQualifiedErrorId :  
   NativeCommandError
 
  Creating an optimized production build ...
Ô£ô Compiled successfully in 27.5s
  Running TypeScript ...
Failed to compile.

./app/owner/reports/page.tsx:12
0:92
Type error: Parameter 'stat' im
plicitly has an 'any' type.

[0m [90m 118 |[39m          
           [33m<[39m[33m/[3
9m[33mdiv[39m[33m>[39m
 [90m 119 |[39m              
       [33m<[39m[33mdiv[39m
 className[33m=[39m[32m"p-10
 space-y-6"[39m[33m>[39m
[31m[1m>[22m[39m[90m 120 |
[39m                         {
reportData[33m.[39mserviceSta
ts[33m.[39mlength [33m>[39m
 [35m0[39m [33m?[39m report
Data[33m.[39mserviceStats[33
m.[39mmap((stat[33m,[39m idx
) [33m=>[39m (
 [90m     |[39m              
                               
                               
                [31m[1m^[22m
[39m
 [90m 121 |[39m              
               [33m<[39m[33m
div[39m key[33m=[39m{idx} cl
assName[33m=[39m[32m"space-y
-2"[39m[33m>[39m
 [90m 122 |[39m              
                   [33m<[39m
[33mdiv[39m className[33m=[3
9m[32m"flex justify-between it
ems-end"[39m[33m>[39m
 [90m 123 |[39m              
                       [33m<[
39m[33mspan[39m className[33
m=[39m[32m"text-sm font-black
 text-text-main"[39m[33m>[39
m{stat[33m.[39mname}[33m<[3
9m[33m/[39m[33mspan[39m[33
m>[39m[0m
Next.js build worker exited wit
h code: 1 and signal: null
